
Initial statistics: 7 variables; iteration 0; function evaluation 0; phase 1
Function value 1.2152234e+03; maximum gradient component mag 6.1754e+03
Var    Value     Gradient |Var    Value     Gradient |Var    Value     Gradient
  1  0.00000  6.17540e+03 |  2  0.16696  3.93587e+03 |  3  0.33333  4.83929e+00
  4  0.51842 -3.73243e+03 |  5  0.12317  1.08438e+00 |  6 -0.43912 -8.66500e+01
  7  0.30040  1.26305e+01 |

Intermediate statistics: 7 variables; iteration 20; function evaluation 58; phase 1
Function value 1.6832151e+02; maximum gradient component mag -3.6263e+03
Var    Value     Gradient |Var    Value     Gradient |Var    Value     Gradient
  1 -0.08137 -3.62629e+03 |  2  0.07986 -1.07934e+02 |  3  0.40938  5.18315e+01
  4  0.49645  1.47850e+02 |  5 -0.36614  8.28348e-01 |  6 -0.33448  4.78600e-01
  7 -0.16909  1.57386e+02 |

 - final statistics:
7 variables; iteration 30; function evaluation 68
Function value 1.6413e+02; maximum gradient component mag -4.0876e+00
Exit code = 1;  converg criter 1.0000e+01
Var    Value     Gradient |Var    Value     Gradient |Var    Value     Gradient
  1 -0.07984 -4.08762e+00 |  2  0.05071 -3.86629e-01 |  3  0.41568  3.25498e-01
  4  0.45935  3.58320e-01 |  5 -0.26310  1.35217e-02 |  6 -0.29001  1.44981e-01
  7 -0.17564  3.57904e-02 |

Initial statistics: 45 variables; iteration 0; function evaluation 0; phase 2
Function value 1.6413195e+02; maximum gradient component mag -3.2019e+02
Var    Value     Gradient |Var    Value     Gradient |Var    Value     Gradient
  1 -0.07984 -4.08762e+00 |  2  0.00000  9.31752e+01 |  3  0.00000  1.06192e+02
  4  0.00000  9.25865e+01 |  5  0.00000  2.29686e+01 |  6  0.00000 -1.21808e+02
  7  0.00000 -1.91401e+02 |  8  0.00000 -2.87865e+02 |  9  0.00000 -3.20186e+02
 10  0.00000 -2.73196e+02 | 11  0.00000 -1.73999e+02 | 12  0.00000 -4.87931e+01
 13  0.00000  7.10797e+01 | 14  0.00000  1.66156e+02 | 15  0.00000  1.93966e+02
 16  0.00000  1.47115e+02 | 17  0.00000  5.97596e+01 | 18  0.00000 -1.82091e+01
 19  0.00000 -6.66210e+01 | 20  0.00000 -8.58209e+01 | 21  0.00000 -6.26671e+01
 22  0.00000 -3.66061e+01 | 23  0.00000 -2.62558e+01 | 24  0.00000 -3.16701e+01
 25  0.00000 -5.80221e+01 | 26  0.00000 -1.11999e+02 | 27  0.00000 -1.80950e+02
 28  0.00000 -2.56595e+02 | 29  0.00000 -2.95884e+02 | 30  0.00000 -2.88673e+02
 31  0.00000 -2.29786e+02 | 32  0.00000 -1.49789e+02 | 33  0.00000 -9.51250e+01
 34  0.00000 -5.41627e+01 | 35  0.00000 -1.38213e+01 | 36  0.05071 -3.86629e-01
 37  0.41568  3.25498e-01 | 38  0.45935  3.58320e-01 | 39 -0.26310  1.35217e-02
 40 -0.29001  1.44981e-01 | 41 -0.17564  3.57904e-02 | 42 -0.00213  1.05600e+02
 43 -0.21936 -2.73759e+01 | 44 -0.00213  1.28526e+01 | 45 -0.21936 -4.74572e+00

Intermediate statistics: 45 variables; iteration 20; function evaluation 35; phase 2
Function value 1.2757709e+02; maximum gradient component mag -6.8031e+03
Var    Value     Gradient |Var    Value     Gradient |Var    Value     Gradient
  1 -0.09244 -6.80305e+03 |  2 -0.00625 -1.27576e+03 |  3 -0.00688 -1.37006e+03
  4 -0.00347 -1.44671e+03 |  5 -0.00219 -1.53689e+03 |  6  0.00768 -1.65971e+03
  7  0.00813 -1.10362e+03 |  8  0.01412 -1.09425e+03 |  9  0.01283 -1.10331e+03
 10  0.01076 -1.06042e+03 | 11  0.00348 -1.01887e+03 | 12  0.00132 -8.93049e+02
 13 -0.00294 -8.23434e+02 | 14 -0.00556 -7.38365e+02 | 15 -0.00630 -6.47534e+02
 16 -0.00540 -5.90795e+02 | 17 -0.00394 -5.20627e+02 | 18 -0.00201 -4.76734e+02
 19 -0.00024 -4.10583e+02 | 20  0.00170 -3.44261e+02 | 21  0.00180 -2.76806e+02
 22  0.00104 -2.46323e+02 | 23 -0.00017 -2.38913e+02 | 24 -0.00123 -2.44057e+02
 25 -0.00099 -2.18366e+02 | 26  0.00075 -1.83902e+02 | 27  0.00335 -1.39553e+02
 28  0.00722 -8.33794e+01 | 29  0.01005 -2.99505e+01 | 30  0.01108  5.01269e+00
 31  0.00977  1.76274e+01 | 32  0.00729  1.71613e+01 | 33  0.00531  1.39272e+01
 34  0.00289  5.59152e+00 | 35  0.00041 -2.72362e+00 | 36  0.04923  7.38076e+02
 37  0.38775  2.58660e+03 | 38  0.41585 -3.09358e+02 | 39 -0.31779  7.05110e+01
 40 -0.24395 -1.27440e+02 | 41 -0.17027  1.34646e+02 | 42 -0.19417 -7.98954e+01
 43 -0.34864  2.17109e+01 | 44 -0.04205 -1.61471e+01 | 45 -0.21775  2.58268e+00
45 variables; iteration 40; function evaluation 67; phase 2
Function value 1.2323096e+02; maximum gradient component mag -5.1922e+03
Var    Value     Gradient |Var    Value     Gradient |Var    Value     Gradient
  1 -0.09158 -5.19225e+03 |  2 -0.00497 -9.95917e+02 |  3 -0.01012 -1.12078e+03
  4 -0.00218 -1.11352e+03 |  5 -0.00943 -1.24261e+03 |  6  0.01564 -1.21518e+03
  7  0.00481 -8.20607e+02 |  8  0.01588 -7.42212e+02 |  9  0.01769 -7.35716e+02
 10  0.00913 -7.64471e+02 | 11  0.00614 -7.27760e+02 | 12  0.00057 -6.89230e+02
 13 -0.00217 -6.38342e+02 | 14 -0.00980 -6.72460e+02 | 15 -0.00702 -5.40258e+02
 16 -0.00626 -4.94475e+02 | 17 -0.00456 -4.32734e+02 | 18 -0.00282 -3.95135e+02
 19  0.00039 -3.05065e+02 | 20  0.00304 -2.28343e+02 | 21  0.00105 -2.19832e+02
 22 -0.00090 -2.30795e+02 | 23  0.00013 -1.86595e+02 | 24 -0.00062 -1.90143e+02
 25 -0.00113 -1.86828e+02 | 26  0.00074 -1.50225e+02 | 27  0.00322 -1.07888e+02
 28  0.00724 -4.65437e+01 | 29  0.01045  1.29784e+01 | 30  0.01149  4.30401e+01
 31  0.00948  3.14485e+01 | 32  0.00594 -2.55303e+00 | 33  0.00453  3.65815e-01
 34  0.00360  2.17895e+01 | 35 -0.00305 -9.09604e+01 | 36  0.05082  6.77981e+02
 37  0.38846  2.35263e+03 | 38  0.42405 -2.59309e+02 | 39 -0.37777  5.02744e+01
 40 -0.25303 -9.71663e+01 | 41 -0.16236  1.46969e+02 | 42 -0.23264 -1.07569e+02
 43 -0.47282  2.40634e+01 | 44 -0.10060 -1.04891e+01 | 45 -0.36499 -6.82041e+00
45 variables; iteration 60; function evaluation 96; phase 2
Function value 1.0193797e+02; maximum gradient component mag -6.2190e+01
Var    Value     Gradient |Var    Value     Gradient |Var    Value     Gradient
  1 -0.08816 -6.21903e+01 |  2 -0.00269 -1.27547e+01 |  3 -0.00292 -1.71875e+01
  4 -0.00205 -9.14374e+00 |  5 -0.00008 -7.61019e+00 |  6  0.00383 -1.35118e+01
  7  0.00590 -1.07894e+01 |  8  0.00891 -9.95964e+00 |  9  0.00925 -1.20749e+01
 10  0.00742 -6.65484e+00 | 11  0.00382 -1.84167e+01 | 12  0.00100 -5.55121e+00
 13 -0.00206 -5.15117e+00 | 14 -0.00470 -7.46963e+00 | 15 -0.00565 -7.86213e+00
 16 -0.00454 -5.19067e+00 | 17 -0.00240 -4.86107e+00 | 18 -0.00043 -6.17072e+00
 19  0.00082 -6.26825e+00 | 20  0.00139 -5.05021e+00 | 21  0.00075 -4.19862e+00
 22  0.00029 -3.12634e+00 | 23  0.00015 -4.42390e+00 | 24  0.00020 -3.89433e+00
 25  0.00060 -3.73960e+00 | 26  0.00168 -3.24327e+00 | 27  0.00339 -1.89257e+00
 28  0.00577 -6.12679e-01 | 29  0.00739 -2.08767e-01 | 30  0.00770 -1.70378e-01
 31  0.00643 -1.28424e-01 | 32  0.00451 -6.58816e-02 | 33  0.00329 -1.95646e-01
 34  0.00216  5.82905e-03 | 35  0.00062 -3.24336e-01 | 36  0.07207  2.56902e+01
 37  0.37952  4.91040e+01 | 38  0.46546 -6.54758e+00 | 39 -0.43850  1.38299e+00
 40 -0.29318 -9.58684e-01 | 41 -0.14336  1.18341e+01 | 42 -0.21706 -1.60362e+00
 43 -0.63347  1.54811e-01 | 44 -0.08062 -3.68603e-01 | 45 -0.29933  1.56753e-01
Maximum number of function evaluations exceeded

 - final statistics:
45 variables; iteration 65; function evaluation 100
Function value 1.0190e+02; maximum gradient component mag 4.7644e+01
Exit code = 3;  converg criter 1.0000e+01
Var    Value     Gradient |Var    Value     Gradient |Var    Value     Gradient
  1 -0.08807  4.76440e+01 |  2 -0.00271  6.98631e+00 |  3 -0.00267  1.09464e+01
  4 -0.00222  9.53281e+00 |  5 -0.00043  8.56495e+00 |  6  0.00386  1.42943e+01
  7  0.00589  7.47252e+00 |  8  0.00890  8.90150e+00 |  9  0.00939  1.08580e+01
 10  0.00716  7.20783e+00 | 11  0.00429  1.09184e+01 | 12  0.00078  4.45345e+00
 13 -0.00220  4.60384e+00 | 14 -0.00467  5.37860e+00 | 15 -0.00561  3.67944e+00
 16 -0.00459  3.07861e+00 | 17 -0.00245  2.49248e+00 | 18 -0.00041  2.60940e+00
 19  0.00090  3.24238e+00 | 20  0.00141  2.61912e+00 | 21  0.00076  2.36974e+00
 22  0.00023  1.04336e+00 | 23  0.00019  1.60065e+00 | 24  0.00020  9.64823e-01
 25  0.00060  7.76486e-01 | 26  0.00167  2.26493e-01 | 27  0.00331 -7.73894e-01
 28  0.00564 -1.46704e+00 | 29  0.00725 -1.58949e+00 | 30  0.00759 -1.31824e+00
 31  0.00633 -1.29963e+00 | 32  0.00443 -1.12238e+00 | 33  0.00326 -6.34094e-01
 34  0.00213 -7.65388e-01 | 35  0.00063 -3.13296e-01 | 36  0.07102  1.02081e+01
 37  0.37971  1.05676e+01 | 38  0.46466 -8.35106e+00 | 39 -0.47350  2.78579e-01
 40 -0.29382 -2.88949e+00 | 41 -0.14377 -4.36811e+00 | 42 -0.21667  1.21510e+00
 43 -0.63378 -1.80974e-01 | 44 -0.08087  2.58150e-01 | 45 -0.30171 -8.33423e-02

Initial statistics: 45 variables; iteration 0; function evaluation 0; phase 3
Function value 1.0190301e+02; maximum gradient component mag 4.7644e+01
Var    Value     Gradient |Var    Value     Gradient |Var    Value     Gradient
  1 -0.08807  4.76440e+01 |  2 -0.00271  6.98631e+00 |  3 -0.00267  1.09464e+01
  4 -0.00222  9.53281e+00 |  5 -0.00043  8.56495e+00 |  6  0.00386  1.42943e+01
  7  0.00589  7.47252e+00 |  8  0.00890  8.90150e+00 |  9  0.00939  1.08580e+01
 10  0.00716  7.20783e+00 | 11  0.00429  1.09184e+01 | 12  0.00078  4.45345e+00
 13 -0.00220  4.60384e+00 | 14 -0.00467  5.37860e+00 | 15 -0.00561  3.67944e+00
 16 -0.00459  3.07861e+00 | 17 -0.00245  2.49248e+00 | 18 -0.00041  2.60940e+00
 19  0.00090  3.24238e+00 | 20  0.00141  2.61912e+00 | 21  0.00076  2.36974e+00
 22  0.00023  1.04336e+00 | 23  0.00019  1.60065e+00 | 24  0.00020  9.64823e-01
 25  0.00060  7.76486e-01 | 26  0.00167  2.26493e-01 | 27  0.00331 -7.73894e-01
 28  0.00564 -1.46704e+00 | 29  0.00725 -1.58949e+00 | 30  0.00759 -1.31824e+00
 31  0.00633 -1.29963e+00 | 32  0.00443 -1.12238e+00 | 33  0.00326 -6.34094e-01
 34  0.00213 -7.65388e-01 | 35  0.00063 -3.13296e-01 | 36  0.07102  1.02081e+01
 37  0.37971  1.05676e+01 | 38  0.46466 -8.35106e+00 | 39 -0.47350  2.78579e-01
 40 -0.29382 -2.88949e+00 | 41 -0.14377 -4.36811e+00 | 42 -0.21667  1.21510e+00
 43 -0.63378 -1.80974e-01 | 44 -0.08087  2.58150e-01 | 45 -0.30171 -8.33423e-02

Intermediate statistics: 45 variables; iteration 20; function evaluation 40; phase 3
Function value 1.0079306e+02; maximum gradient component mag 2.0409e+03
Var    Value     Gradient |Var    Value     Gradient |Var    Value     Gradient
  1 -0.08820  2.04088e+03 |  2 -0.00275  3.68863e+02 |  3 -0.00207  4.23583e+02
  4 -0.00191  4.41985e+02 |  5 -0.00061  4.56588e+02 |  6  0.00439  5.27230e+02
  7  0.00536  3.26595e+02 |  8  0.00841  3.36219e+02 |  9  0.00928  3.54577e+02
 10  0.00609  3.10689e+02 | 11  0.00474  3.34123e+02 | 12  0.00045  2.69053e+02
 13 -0.00191  2.62452e+02 | 14 -0.00409  2.44393e+02 | 15 -0.00527  2.06997e+02
 16 -0.00444  1.79889e+02 | 17 -0.00254  1.46146e+02 | 18 -0.00069  1.28526e+02
 19  0.00062  1.15853e+02 | 20  0.00098  1.01841e+02 | 21  0.00047  9.08823e+01
 22 -0.00012  7.78291e+01 | 23  0.00015  7.74327e+01 | 24  0.00018  7.30273e+01
 25  0.00073  6.93806e+01 | 26  0.00190  6.73066e+01 | 27  0.00354  6.17799e+01
 28  0.00586  5.67304e+01 | 29  0.00746  4.95959e+01 | 30  0.00772  4.01227e+01
 31  0.00630  2.55861e+01 | 32  0.00428  1.22411e+01 | 33  0.00317  6.79656e+00
 34  0.00199  5.73493e-01 | 35  0.00058  2.31374e-01 | 36  0.07230  1.07198e+02
 37  0.37570  8.11950e+01 | 38  0.46500 -6.68404e+00 | 39 -0.47267  3.80801e-01
 40 -0.29248  1.08850e+01 | 41 -0.14446 -1.94874e+02 | 42 -0.21695  2.54422e+01
 43 -0.63337  9.07048e-01 | 44 -0.08092  5.35273e+00 | 45 -0.30127  4.05290e-01
45 variables; iteration 40; function evaluation 77; phase 3
Function value 1.0075579e+02; maximum gradient component mag 1.9568e+03
Var    Value     Gradient |Var    Value     Gradient |Var    Value     Gradient
  1 -0.08822  1.95679e+03 |  2 -0.00286  3.50071e+02 |  3 -0.00216  4.03808e+02
  4 -0.00170  4.31376e+02 |  5 -0.00045  4.43330e+02 |  6  0.00427  5.03002e+02
  7  0.00544  3.14690e+02 |  8  0.00829  3.17836e+02 |  9  0.00920  3.36418e+02
 10  0.00605  2.94752e+02 | 11  0.00469  3.19018e+02 | 12  0.00043  2.57238e+02
 13 -0.00175  2.57658e+02 | 14 -0.00412  2.35541e+02 | 15 -0.00505  2.07243e+02
 16 -0.00443  1.74361e+02 | 17 -0.00258  1.39882e+02 | 18 -0.00084  1.19218e+02
 19  0.00067  1.12235e+02 | 20  0.00103  9.82327e+01 | 21  0.00037  8.31783e+01
 22 -0.00031  6.82256e+01 | 23  0.00004  7.06014e+01 | 24  0.00025  7.16288e+01
 25  0.00074  6.75851e+01 | 26  0.00182  6.41279e+01 | 27  0.00370  6.54979e+01
 28  0.00596  5.97514e+01 | 29  0.00758  5.32594e+01 | 30  0.00773  4.12911e+01
 31  0.00637  2.83542e+01 | 32  0.00457  2.01460e+01 | 33  0.00305  5.13344e+00
 34  0.00207  3.11645e+00 | 35  0.00061  1.34921e+00 | 36  0.07247  9.75973e+01
 37  0.37575  1.02107e+02 | 38  0.46541  1.20718e+01 | 39 -0.50005  4.25462e-01
 40 -0.29144  1.64688e+01 | 41 -0.14443 -1.89236e+02 | 42 -0.21740  2.34453e+01
 43 -0.63416  8.00035e-01 | 44 -0.08358  4.57517e+00 | 45 -0.30409  4.83905e-01
Maximum number of function evaluations exceeded

 - final statistics:
45 variables; iteration 51; function evaluation 100
Function value 1.0064e+02; maximum gradient component mag 1.6763e+03
Exit code = 3;  converg criter 1.0000e+00
Var    Value     Gradient |Var    Value     Gradient |Var    Value     Gradient
  1 -0.08832  1.67625e+03 |  2 -0.00265  3.04322e+02 |  3 -0.00218  3.47571e+02
  4 -0.00172  3.71163e+02 |  5 -0.00007  3.91282e+02 |  6  0.00415  4.30355e+02
  7  0.00537  2.65056e+02 |  8  0.00832  2.70052e+02 |  9  0.00888  2.76996e+02
 10  0.00600  2.44620e+02 | 11  0.00437  2.65658e+02 | 12  0.00049  2.20789e+02
 13 -0.00142  2.33225e+02 | 14 -0.00429  2.01588e+02 | 15 -0.00519  1.78059e+02
 16 -0.00418  1.59474e+02 | 17 -0.00261  1.20161e+02 | 18 -0.00101  9.66996e+01
 19  0.00060  9.38696e+01 | 20  0.00110  8.48391e+01 | 21  0.00023  6.50969e+01
 22 -0.00028  5.62129e+01 | 23 -0.00036  4.89077e+01 | 24  0.00019  6.10109e+01
 25  0.00119  7.13103e+01 | 26  0.00145  4.92245e+01 | 27  0.00367  6.09379e+01
 28  0.00641  6.81088e+01 | 29  0.00772  5.57590e+01 | 30  0.00783  4.30205e+01
 31  0.00660  3.32910e+01 | 32  0.00454  2.00565e+01 | 33  0.00339  1.40780e+01
 34  0.00213  5.62426e+00 | 35  0.00048 -1.64173e+00 | 36  0.07247  1.14492e+02
 37  0.37595  2.52356e+02 | 38  0.46609  4.48276e+01 | 39 -0.56673  7.82037e-01
 40 -0.29060  2.35895e+01 | 41 -0.14442 -1.69143e+02 | 42 -0.21746  1.94945e+01
 43 -0.63395  8.27410e-01 | 44 -0.07901  3.40974e+00 | 45 -0.29108  1.27056e+00

Initial statistics: 47 variables; iteration 0; function evaluation 0; phase 4
Function value 1.0095349e+02; maximum gradient component mag 4.2497e+03
Var    Value     Gradient |Var    Value     Gradient |Var    Value     Gradient
  1 -0.21635 -9.14764e+02 |  2 -0.08832  1.69155e+03 |  3  0.00029  4.24970e+03
  4 -0.00265  3.07535e+02 |  5 -0.00218  3.50360e+02 |  6 -0.00172  3.74347e+02
  7 -0.00007  3.95482e+02 |  8  0.00415  4.33409e+02 |  9  0.00537  2.68366e+02
 10  0.00832  2.72142e+02 | 11  0.00888  2.79432e+02 | 12  0.00600  2.47257e+02
 13  0.00437  2.67060e+02 | 14  0.00049  2.23299e+02 | 15 -0.00142  2.35762e+02
 16 -0.00429  2.02925e+02 | 17 -0.00519  1.79219e+02 | 18 -0.00418  1.60997e+02
 19 -0.00261  1.21403e+02 | 20 -0.00101  9.78798e+01 | 21  0.00060  9.50433e+01
 22  0.00110  8.51784e+01 | 23  0.00023  6.63675e+01 | 24 -0.00028  5.67659e+01
 25 -0.00036  4.95997e+01 | 26  0.00019  6.12682e+01 | 27  0.00119  7.22760e+01
 28  0.00145  4.95364e+01 | 29  0.00367  6.15223e+01 | 30  0.00641  6.90868e+01
 31  0.00772  5.64545e+01 | 32  0.00783  4.37308e+01 | 33  0.00660  3.41374e+01
 34  0.00454  2.05427e+01 | 35  0.00339  1.44329e+01 | 36  0.00213  5.58471e+00
 37  0.00048 -1.56446e+00 | 38  0.07247  8.70250e+01 | 39  0.37595  1.79713e+02
 40  0.46609  4.62026e+01 | 41 -0.56673  5.65539e-01 | 42 -0.29060  2.39597e+01
 43 -0.14442 -1.70905e+02 | 44 -0.21746  1.96924e+01 | 45 -0.63395  8.36922e-01
 46 -0.07901  3.43532e+00 | 47 -0.29108  1.30886e+00 |

Intermediate statistics: 47 variables; iteration 20; function evaluation 24; phase 4
Function value 9.6491636e+01; maximum gradient component mag 1.5865e+03
Var    Value     Gradient |Var    Value     Gradient |Var    Value     Gradient
  1 -0.17560 -3.81912e+02 |  2 -0.06500  6.10842e+02 |  3  0.00006  1.58649e+03
  4 -0.00431  7.15226e+01 |  5 -0.00459  7.71169e+01 |  6 -0.00433  7.97298e+01
  7 -0.00253  8.84210e+01 |  8  0.00218  1.17208e+02 |  9  0.00453  7.15694e+01
 10  0.00833  9.71363e+01 | 11  0.00958  1.22115e+02 | 12  0.00622  8.96927e+01
 13  0.00437  1.09753e+02 | 14 -0.00084  4.40654e+01 | 15 -0.00382  2.95721e+01
 16 -0.00700 -2.17698e+00 | 17 -0.00768 -5.29612e+00 | 18 -0.00603  9.11458e+00
 19 -0.00351  1.77354e+01 | 20 -0.00147  2.12269e+01 | 21  0.00063  4.40522e+01
 22  0.00136  4.96547e+01 | 23  0.00058  4.02663e+01 | 24  0.00009  3.29952e+01
 25 -0.00045  1.25133e+01 | 26 -0.00033  7.71701e+00 | 27  0.00055  1.22628e+01
 28 -0.00023 -3.77243e+01 | 29  0.00228 -1.70011e+01 | 30  0.00537  3.06901e+00
 31  0.00665 -3.27106e+00 | 32  0.00697 -4.30744e+00 | 33  0.00621  4.02828e+00
 34  0.00427 -1.70154e-01 | 35  0.00329  1.86958e+00 | 36  0.00201 -3.83466e+00
 37  0.00031 -8.37839e+00 | 38  0.07625  1.56602e+02 | 39  0.37429  2.50134e+02
 40  0.46489 -4.54112e+01 | 41 -0.57046  9.75204e-01 | 42 -0.29826 -8.05375e+00
 43 -0.13908 -5.90304e+01 | 44 -0.21105  1.29137e+01 | 45 -0.62410  1.38977e+00
 46 -0.04646  9.92387e+00 | 47 -0.29344 -4.45459e+00 |
47 variables; iteration 40; function evaluation 59; phase 4
Function value 9.2724355e+01; maximum gradient component mag -1.3259e+03
Var    Value     Gradient |Var    Value     Gradient |Var    Value     Gradient
  1 -0.11303  2.93016e+02 |  2 -0.03649 -6.51622e+02 |  3 -0.00007 -1.32587e+03
  4 -0.00284 -1.31987e+02 |  5 -0.00385 -1.51780e+02 |  6 -0.00339 -1.53549e+02
  7 -0.00184 -1.69212e+02 |  8  0.00198 -1.98688e+02 |  9  0.00540 -1.09736e+02
 10  0.00838 -1.20908e+02 | 11  0.01018 -1.02034e+02 | 12  0.00731 -1.14554e+02
 13  0.00406 -1.09245e+02 | 14 -0.00006 -1.12884e+02 | 15 -0.00287 -9.68443e+01
 16 -0.00578 -9.59725e+01 | 17 -0.00583 -6.41705e+01 | 18 -0.00504 -6.47109e+01
 19 -0.00251 -4.78932e+01 | 20 -0.00162 -7.24028e+01 | 21  0.00028 -5.24538e+01
 22  0.00160 -3.03238e+01 | 23  0.00103 -2.46579e+01 | 24  0.00013 -3.26273e+01
 25  0.00045 -2.19307e+01 | 26  0.00000 -3.39562e+01 | 27  0.00078 -2.31534e+01
 28  0.00124 -3.55342e+01 | 29  0.00347 -1.73827e+01 | 30  0.00580 -1.35336e+01
 31  0.00733 -1.32990e+01 | 32  0.00756 -1.47901e+01 | 33  0.00594 -2.17035e+01
 34  0.00454 -7.68008e+00 | 35  0.00300 -1.33613e+01 | 36  0.00131 -2.45763e+01
 37  0.00060 -2.33853e+00 | 38  0.07953  2.27873e+02 | 39  0.37325  6.46109e+02
 40  0.46365 -1.28491e+01 | 41 -0.67928  1.69552e+00 | 42 -0.30015 -7.61047e+00
 43 -0.12869  5.41158e+01 | 44 -0.20819 -7.26162e+00 | 45 -0.62251  6.73639e-01
 46 -0.02393 -3.98009e-01 | 47 -0.25484 -2.40539e-01 |

 - final statistics:
47 variables; iteration 57; function evaluation 93
Function value 9.2251e+01; maximum gradient component mag 9.5157e-01
Exit code = 1;  converg criter 1.0000e+00
Var    Value     Gradient |Var    Value     Gradient |Var    Value     Gradient
  1 -0.08631 -2.30169e-01 |  2 -0.02334  4.60497e-01 |  3 -0.00022  9.51572e-01
  4 -0.00253  1.06006e-01 |  5 -0.00326  8.78203e-02 |  6 -0.00329  1.06221e-01
  7 -0.00167  1.01953e-01 |  8  0.00283  9.73852e-02 |  9  0.00536  9.22645e-02
 10  0.00883  7.49752e-02 | 11  0.00958  9.61829e-02 | 12  0.00745  7.81907e-02
 13  0.00411  7.33910e-02 | 14  0.00051  6.35088e-02 | 15 -0.00271  5.65830e-02
 16 -0.00526  4.84068e-02 | 17 -0.00610  5.34737e-02 | 18 -0.00501  4.45618e-02
 19 -0.00284  4.29313e-02 | 20 -0.00082  2.22560e-02 | 21  0.00049  1.00436e-02
 22  0.00112  5.96327e-02 | 23  0.00061  3.06219e-02 | 24  0.00021  2.36721e-02
 25  0.00022  1.91228e-02 | 26  0.00033  2.77094e-02 | 27  0.00078  8.77264e-03
 28  0.00185  1.67443e-03 | 29  0.00345  1.91006e-02 | 30  0.00572  1.59382e-02
 31  0.00731  1.26028e-02 | 32  0.00766  5.23615e-03 | 33  0.00645 -1.28529e-02
 34  0.00456  1.88517e-03 | 35  0.00336 -5.04968e-03 | 36  0.00222 -1.09792e-02
 37  0.00066 -1.40883e-03 | 38  0.08271  2.20229e-01 | 39  0.37203  5.37643e-01
 40  0.46440 -3.99049e-03 | 41 -0.68314 -4.37807e-03 | 42 -0.30212  2.74221e-03
 43 -0.12543 -3.55897e-02 | 44 -0.20695  5.80746e-03 | 45 -0.62362  8.74769e-04
 46 -0.01715  1.73981e-03 | 47 -0.25335  8.06331e-05 |

 - final statistics:
47 variables; iteration 0; function evaluation 0
Function value 9.2251e+01; maximum gradient component mag 9.5157e-01
Exit code = 0;  converg criter 1.0000e+00
Var    Value     Gradient |Var    Value     Gradient |Var    Value     Gradient
  1 -0.08631 -2.30169e-01 |  2 -0.02334  4.60497e-01 |  3 -0.00022  9.51572e-01
  4 -0.00253  1.06006e-01 |  5 -0.00326  8.78203e-02 |  6 -0.00329  1.06221e-01
  7 -0.00167  1.01953e-01 |  8  0.00283  9.73852e-02 |  9  0.00536  9.22645e-02
 10  0.00883  7.49752e-02 | 11  0.00958  9.61829e-02 | 12  0.00745  7.81907e-02
 13  0.00411  7.33910e-02 | 14  0.00051  6.35088e-02 | 15 -0.00271  5.65830e-02
 16 -0.00526  4.84068e-02 | 17 -0.00610  5.34737e-02 | 18 -0.00501  4.45618e-02
 19 -0.00284  4.29313e-02 | 20 -0.00082  2.22560e-02 | 21  0.00049  1.00436e-02
 22  0.00112  5.96327e-02 | 23  0.00061  3.06219e-02 | 24  0.00021  2.36721e-02
 25  0.00022  1.91228e-02 | 26  0.00033  2.77094e-02 | 27  0.00078  8.77264e-03
 28  0.00185  1.67443e-03 | 29  0.00345  1.91006e-02 | 30  0.00572  1.59382e-02
 31  0.00731  1.26028e-02 | 32  0.00766  5.23615e-03 | 33  0.00645 -1.28529e-02
 34  0.00456  1.88517e-03 | 35  0.00336 -5.04968e-03 | 36  0.00222 -1.09792e-02
 37  0.00066 -1.40883e-03 | 38  0.08271  2.20229e-01 | 39  0.37203  5.37643e-01
 40  0.46440 -3.99049e-03 | 41 -0.68314 -4.37807e-03 | 42 -0.30212  2.74221e-03
 43 -0.12543 -3.55897e-02 | 44 -0.20695  5.80746e-03 | 45 -0.62362  8.74769e-04
 46 -0.01715  1.73981e-03 | 47 -0.25335  8.06331e-05 |

 - final statistics:
47 variables; iteration 0; function evaluation 0
Function value 9.2251e+01; maximum gradient component mag 9.5157e-01
Exit code = 0;  converg criter 1.0000e+00
Var    Value     Gradient |Var    Value     Gradient |Var    Value     Gradient
  1 -0.08631 -2.30169e-01 |  2 -0.02334  4.60497e-01 |  3 -0.00022  9.51572e-01
  4 -0.00253  1.06006e-01 |  5 -0.00326  8.78203e-02 |  6 -0.00329  1.06221e-01
  7 -0.00167  1.01953e-01 |  8  0.00283  9.73852e-02 |  9  0.00536  9.22645e-02
 10  0.00883  7.49752e-02 | 11  0.00958  9.61829e-02 | 12  0.00745  7.81907e-02
 13  0.00411  7.33910e-02 | 14  0.00051  6.35088e-02 | 15 -0.00271  5.65830e-02
 16 -0.00526  4.84068e-02 | 17 -0.00610  5.34737e-02 | 18 -0.00501  4.45618e-02
 19 -0.00284  4.29313e-02 | 20 -0.00082  2.22560e-02 | 21  0.00049  1.00436e-02
 22  0.00112  5.96327e-02 | 23  0.00061  3.06219e-02 | 24  0.00021  2.36721e-02
 25  0.00022  1.91228e-02 | 26  0.00033  2.77094e-02 | 27  0.00078  8.77264e-03
 28  0.00185  1.67443e-03 | 29  0.00345  1.91006e-02 | 30  0.00572  1.59382e-02
 31  0.00731  1.26028e-02 | 32  0.00766  5.23615e-03 | 33  0.00645 -1.28529e-02
 34  0.00456  1.88517e-03 | 35  0.00336 -5.04968e-03 | 36  0.00222 -1.09792e-02
 37  0.00066 -1.40883e-03 | 38  0.08271  2.20229e-01 | 39  0.37203  5.37643e-01
 40  0.46440 -3.99049e-03 | 41 -0.68314 -4.37807e-03 | 42 -0.30212  2.74221e-03
 43 -0.12543 -3.55897e-02 | 44 -0.20695  5.80746e-03 | 45 -0.62362  8.74769e-04
 46 -0.01715  1.73981e-03 | 47 -0.25335  8.06331e-05 |

Initial statistics: 48 variables; iteration 0; function evaluation 0; phase 7
Function value 9.2250634e+01; maximum gradient component mag -8.2973e+01
Var    Value     Gradient |Var    Value     Gradient |Var    Value     Gradient
  1 -0.08631 -2.30169e-01 |  2 -0.02334  4.60497e-01 |  3  0.00000 -8.29733e+01
  4 -0.00022  9.51572e-01 |  5 -0.00253  1.06006e-01 |  6 -0.00326  8.78203e-02
  7 -0.00329  1.06221e-01 |  8 -0.00167  1.01953e-01 |  9  0.00283  9.73852e-02
 10  0.00536  9.22645e-02 | 11  0.00883  7.49752e-02 | 12  0.00958  9.61829e-02
 13  0.00745  7.81907e-02 | 14  0.00411  7.33910e-02 | 15  0.00051  6.35088e-02
 16 -0.00271  5.65830e-02 | 17 -0.00526  4.84068e-02 | 18 -0.00610  5.34737e-02
 19 -0.00501  4.45618e-02 | 20 -0.00284  4.29313e-02 | 21 -0.00082  2.22560e-02
 22  0.00049  1.00436e-02 | 23  0.00112  5.96327e-02 | 24  0.00061  3.06219e-02
 25  0.00021  2.36721e-02 | 26  0.00022  1.91228e-02 | 27  0.00033  2.77094e-02
 28  0.00078  8.77264e-03 | 29  0.00185  1.67443e-03 | 30  0.00345  1.91006e-02
 31  0.00572  1.59382e-02 | 32  0.00731  1.26028e-02 | 33  0.00766  5.23615e-03
 34  0.00645 -1.28529e-02 | 35  0.00456  1.88517e-03 | 36  0.00336 -5.04968e-03
 37  0.00222 -1.09792e-02 | 38  0.00066 -1.40883e-03 | 39  0.08271  2.20229e-01
 40  0.37203  5.37643e-01 | 41  0.46440 -3.99049e-03 | 42 -0.68314 -4.37807e-03
 43 -0.30212  2.74221e-03 | 44 -0.12543 -3.55897e-02 | 45 -0.20695  5.80746e-03
 46 -0.62362  8.74769e-04 | 47 -0.01715  1.73981e-03 | 48 -0.25335  8.06331e-05

Intermediate statistics: 48 variables; iteration 20; function evaluation 29; phase 7
Function value 6.8687740e+01; maximum gradient component mag -1.7668e+03
Var    Value     Gradient |Var    Value     Gradient |Var    Value     Gradient
  1 -0.13661  2.10975e+02 |  2 -0.09104 -2.97594e+02 |  3  0.47760 -5.67099e+01
  4 -0.00160 -1.76679e+03 |  5 -0.00396 -1.24542e+02 |  6 -0.00394 -1.47845e+02
  7 -0.00351 -1.67268e+02 |  8 -0.00166 -1.58475e+02 |  9  0.00320 -8.70910e+01
 10  0.00602 -3.01998e+01 | 11  0.00946  4.57606e+01 | 12  0.00895  6.46247e+01
 13  0.00534  2.80222e+01 | 14  0.00044 -4.56252e+01 | 15 -0.00441 -1.16537e+02
 16 -0.00827 -1.58303e+02 | 17 -0.01072 -1.61473e+02 | 18 -0.01126 -1.48882e+02
 19 -0.01003 -1.43308e+02 | 20 -0.00783 -1.47665e+02 | 21 -0.00594 -1.55807e+02
 22 -0.00482 -1.61425e+02 | 23 -0.00435 -1.64710e+02 | 24 -0.00474 -1.57356e+02
 25 -0.00500 -1.48827e+02 | 26 -0.00506 -1.41083e+02 | 27 -0.00528 -1.38084e+02
 28 -0.00504 -1.34481e+02 | 29 -0.00406 -1.33218e+02 | 30 -0.00234 -1.28607e+02
 31  0.00009 -1.19375e+02 | 32  0.00193 -1.01901e+02 | 33  0.00274 -7.81355e+01
 34  0.00232 -5.10402e+01 | 35  0.00148 -2.84053e+01 | 36  0.00136 -1.40558e+01
 37  0.00117 -6.26157e+00 | 38  0.00025 -2.22065e+00 | 39  0.09381  7.25830e+01
 40  0.36793  5.32196e+02 | 41  0.46076  1.22061e+02 | 42 -0.66951  1.12936e+00
 43 -0.29844  2.39483e+01 | 44 -0.09739  3.75661e+01 | 45 -0.20159 -2.74530e+01
 46 -0.61201  3.49827e+00 | 47  0.01545 -6.29652e+00 | 48 -0.26439  5.44504e-01
48 variables; iteration 40; function evaluation 63; phase 7
Function value 6.1427576e+01; maximum gradient component mag -1.6494e+04
Var    Value     Gradient |Var    Value     Gradient |Var    Value     Gradient
  1 -0.16685  4.63950e+03 |  2 -0.12142 -7.64824e+03 |  3  0.54258 -6.82365e+02
  4 -0.00073 -1.64937e+04 |  5 -0.00490 -1.40770e+03 |  6  0.00269 -1.50602e+03
  7 -0.00255 -1.60901e+03 |  8  0.00188 -1.68075e+03 |  9  0.00952 -1.74442e+03
 10  0.00524 -1.75556e+03 | 11  0.00584 -1.61674e+03 | 12  0.00489 -1.53066e+03
 13  0.00145 -1.38711e+03 | 14  0.00790 -1.18484e+03 | 15 -0.00601 -1.05365e+03
 16 -0.00423 -8.88466e+02 | 17 -0.00885 -8.01706e+02 | 18 -0.00895 -6.75527e+02
 19 -0.00653 -5.76936e+02 | 20 -0.00460 -4.87703e+02 | 21 -0.00241 -4.43703e+02
 22 -0.00159 -4.03142e+02 | 23 -0.00050 -3.59543e+02 | 24 -0.00063 -2.92719e+02
 25 -0.00038 -2.34603e+02 | 26 -0.00269 -2.39025e+02 | 27 -0.00350 -2.27261e+02
 28 -0.00120 -1.45173e+02 | 29 -0.00084 -1.43322e+02 | 30 -0.00052 -1.61450e+02
 31  0.00237 -1.35776e+02 | 32  0.00515 -8.89811e+01 | 33  0.00549 -7.13982e+01
 34  0.00298 -8.46714e+01 | 35  0.00114 -7.24198e+01 | 36  0.00305  4.95035e+00
 37  0.00330  3.63822e+01 | 38  0.00066  4.89920e+00 | 39  0.10505  1.47210e+03
 40  0.36369  3.40376e+03 | 41  0.46401 -3.20073e+02 | 42 -0.66392  3.58361e+00
 43 -0.30115 -1.20289e+02 | 44 -0.09161  7.58019e+02 | 45 -0.19631 -8.77870e+01
 46 -0.61953 -8.28920e+00 | 47  0.10724 -1.44703e+01 | 48 -0.18056  1.90501e+00
48 variables; iteration 60; function evaluation 98; phase 7
Function value 5.5225633e+01; maximum gradient component mag -2.6971e+02
Var    Value     Gradient |Var    Value     Gradient |Var    Value     Gradient
  1 -0.20682  3.07874e+01 |  2 -0.15489 -1.13248e+02 |  3  0.65003 -2.41564e+01
  4 -0.00018 -2.69713e+02 |  5 -0.00102 -2.22131e+01 |  6  0.00041 -2.35181e+01
  7  0.00168 -3.44069e+01 |  8  0.00327 -3.43004e+01 |  9  0.00400 -3.89332e+01
 10  0.00642 -8.09813e+00 | 11  0.00540 -8.98455e+00 | 12  0.00405 -6.46102e+00
 13  0.00165 -2.02631e+01 | 14 -0.00012 -2.10689e+01 | 15 -0.00211 -2.16836e+01
 16 -0.00465 -2.57883e+01 | 17 -0.00676 -1.90351e+01 | 18 -0.00732 -1.51898e+01
 19 -0.00600 -2.02852e+01 | 20 -0.00281 -1.55140e+01 | 21 -0.00032 -1.52200e+01
 22  0.00118 -1.31001e+01 | 23  0.00182 -1.14735e+01 | 24  0.00091 -1.50330e+01
 25  0.00052 -6.89372e+00 | 26 -0.00020 -9.75701e+00 | 27 -0.00073 -6.41528e+00
 28 -0.00095 -1.09383e+01 | 29  0.00017 -6.65768e+00 | 30  0.00231  3.34740e+00
 31  0.00407 -9.19498e+00 | 32  0.00541 -8.53179e+00 | 33  0.00568 -1.98729e+00
 34  0.00447  3.13902e+00 | 35  0.00251 -5.27431e+00 | 36  0.00196 -4.00745e+00
 37  0.00163  2.06068e+00 | 38  0.00033 -8.87434e-01 | 39  0.11790  4.26573e+00
 40  0.35885  1.60926e+01 | 41  0.47025  3.47909e+00 | 42 -0.35138  7.44132e-01
 43 -0.30386 -1.98092e+00 | 44 -0.08203 -4.79024e+00 | 45 -0.18642 -1.60209e+00
 46 -0.59814 -4.31428e-01 | 47  0.13249 -2.02151e-01 | 48 -0.19215 -4.93585e-01
Maximum number of function evaluations exceeded

 - final statistics:
48 variables; iteration 63; function evaluation 100
Function value 5.5091e+01; maximum gradient component mag -1.8434e+03
Exit code = 3;  converg criter 1.0000e+00
Var    Value     Gradient |Var    Value     Gradient |Var    Value     Gradient
  1 -0.20644  5.05517e+02 |  2 -0.15506 -8.78094e+02 |  3  0.65596 -7.90374e+01
  4 -0.00016 -1.84342e+03 |  5 -0.00103 -1.60380e+02 |  6  0.00031 -1.74760e+02
  7  0.00190 -1.87721e+02 |  8  0.00330 -1.97437e+02 |  9  0.00384 -2.04999e+02
 10  0.00663 -2.03780e+02 | 11  0.00531 -1.85654e+02 | 12  0.00374 -1.73451e+02
 13  0.00173 -1.59897e+02 | 14 -0.00020 -1.44425e+02 | 15 -0.00208 -1.16741e+02
 16 -0.00462 -1.06403e+02 | 17 -0.00673 -8.68162e+01 | 18 -0.00731 -7.13814e+01
 19 -0.00597 -6.78072e+01 | 20 -0.00274 -5.12504e+01 | 21 -0.00023 -4.60048e+01
 22  0.00116 -4.16088e+01 | 23  0.00177 -3.79941e+01 | 24  0.00108 -3.13468e+01
 25  0.00047 -2.51394e+01 | 26 -0.00018 -2.27107e+01 | 27 -0.00081 -1.96391e+01
 28 -0.00079 -1.54416e+01 | 29  0.00026 -1.20789e+01 | 30  0.00194 -1.22717e+01
 31  0.00421 -1.17538e+01 | 32  0.00559 -9.88557e+00 | 33  0.00565 -7.64191e+00
 34  0.00423 -6.07770e+00 | 35  0.00263 -4.56118e+00 | 36  0.00206 -2.51291e+00
 37  0.00152 -1.08904e+00 | 38  0.00036 -2.29928e-01 | 39  0.11760  9.85960e+00
 40  0.35913  1.93605e+01 | 41  0.46948 -3.84094e+01 | 42 -0.36615  8.32097e-01
 43 -0.30270 -1.47654e+01 | 44 -0.08114  8.04224e+01 | 45 -0.18580 -9.43755e+00
 46 -0.59644 -4.60126e-01 | 47  0.13940 -1.61892e+00 | 48 -0.18521  3.19373e-02

Initial statistics: 48 variables; iteration 0; function evaluation 0; phase 8
Function value 5.5090584e+01; maximum gradient component mag -1.8434e+03
Var    Value     Gradient |Var    Value     Gradient |Var    Value     Gradient
  1 -0.20644  5.05517e+02 |  2 -0.15506 -8.78094e+02 |  3  0.65596 -7.90374e+01
  4 -0.00016 -1.84342e+03 |  5 -0.00103 -1.60380e+02 |  6  0.00031 -1.74760e+02
  7  0.00190 -1.87721e+02 |  8  0.00330 -1.97437e+02 |  9  0.00384 -2.04999e+02
 10  0.00663 -2.03780e+02 | 11  0.00531 -1.85654e+02 | 12  0.00374 -1.73451e+02
 13  0.00173 -1.59897e+02 | 14 -0.00020 -1.44425e+02 | 15 -0.00208 -1.16741e+02
 16 -0.00462 -1.06403e+02 | 17 -0.00673 -8.68162e+01 | 18 -0.00731 -7.13814e+01
 19 -0.00597 -6.78072e+01 | 20 -0.00274 -5.12504e+01 | 21 -0.00023 -4.60048e+01
 22  0.00116 -4.16088e+01 | 23  0.00177 -3.79941e+01 | 24  0.00108 -3.13468e+01
 25  0.00047 -2.51394e+01 | 26 -0.00018 -2.27107e+01 | 27 -0.00081 -1.96391e+01
 28 -0.00079 -1.54416e+01 | 29  0.00026 -1.20789e+01 | 30  0.00194 -1.22717e+01
 31  0.00421 -1.17538e+01 | 32  0.00559 -9.88557e+00 | 33  0.00565 -7.64191e+00
 34  0.00423 -6.07770e+00 | 35  0.00263 -4.56118e+00 | 36  0.00206 -2.51291e+00
 37  0.00152 -1.08904e+00 | 38  0.00036 -2.29928e-01 | 39  0.11760  9.85960e+00
 40  0.35913  1.93605e+01 | 41  0.46948 -3.84094e+01 | 42 -0.36615  8.32097e-01
 43 -0.30270 -1.47654e+01 | 44 -0.08114  8.04224e+01 | 45 -0.18580 -9.43755e+00
 46 -0.59644 -4.60126e-01 | 47  0.13940 -1.61892e+00 | 48 -0.18521  3.19373e-02

Intermediate statistics: 48 variables; iteration 20; function evaluation 26; phase 8
Function value 5.4226740e+01; maximum gradient component mag -5.7820e+03
Var    Value     Gradient |Var    Value     Gradient |Var    Value     Gradient
  1 -0.18477  1.69814e+03 |  2 -0.14278 -2.74476e+03 |  3  0.67756 -1.93795e+02
  4 -0.00024 -5.78204e+03 |  5 -0.00117 -4.98250e+02 |  6 -0.00005 -5.41084e+02
  7  0.00142 -5.78472e+02 |  8  0.00322 -5.98435e+02 |  9  0.00523 -5.93544e+02
 10  0.00499 -6.99572e+02 | 11  0.00526 -6.14737e+02 | 12  0.00424 -5.63770e+02
 13  0.00227 -5.05136e+02 | 14  0.00019 -4.42221e+02 | 15 -0.00189 -3.55761e+02
 16 -0.00422 -3.03500e+02 | 17 -0.00639 -2.53092e+02 | 18 -0.00690 -2.05415e+02
 19 -0.00528 -1.74070e+02 | 20 -0.00215 -1.31888e+02 | 21  0.00036 -1.14175e+02
 22  0.00172 -9.82455e+01 | 23  0.00220 -9.13655e+01 | 24  0.00139 -7.68982e+01
 25  0.00069 -6.45946e+01 | 26  0.00020 -5.00925e+01 | 27 -0.00035 -4.11081e+01
 28 -0.00033 -3.09065e+01 | 29  0.00059 -2.76665e+01 | 30  0.00223 -2.54031e+01
 31  0.00451 -2.36503e+01 | 32  0.00622 -2.21109e+01 | 33  0.00617 -1.99249e+01
 34  0.00447 -1.31682e+01 | 35  0.00286 -8.16844e+00 | 36  0.00224 -4.56093e+00
 37  0.00163 -1.74271e+00 | 38  0.00039 -5.01773e-01 | 39  0.11758  1.86008e+02
 40  0.35778  3.24828e+02 | 41  0.46823 -1.61160e+02 | 42 -0.36676  1.41824e+00
 43 -0.30339 -5.32593e+01 | 44 -0.07760  2.88261e+02 | 45 -0.18519 -2.84621e+01
 46 -0.59640 -1.79280e+00 | 47  0.14258 -4.34758e+00 | 48 -0.18692 -7.56469e-01
48 variables; iteration 40; function evaluation 58; phase 8
Function value 5.3994529e+01; maximum gradient component mag -1.1150e+03
Var    Value     Gradient |Var    Value     Gradient |Var    Value     Gradient
  1 -0.17943  3.23631e+02 |  2 -0.14007 -5.23463e+02 |  3  0.68498 -4.92163e+01
  4 -0.00021 -1.11496e+03 |  5 -0.00096 -8.88122e+01 |  6 -0.00018 -1.06936e+02
  7  0.00218 -9.54369e+01 |  8  0.00283 -1.21606e+02 |  9  0.00426 -1.20775e+02
 10  0.00595 -1.25334e+02 | 11  0.00527 -1.19309e+02 | 12  0.00402 -1.12042e+02
 13  0.00185 -1.08107e+02 | 14  0.00088 -7.31777e+01 | 15 -0.00154 -6.38785e+01
 16 -0.00420 -6.00527e+01 | 17 -0.00588 -3.44918e+01 | 18 -0.00676 -3.34789e+01
 19 -0.00491 -2.07720e+01 | 20 -0.00209 -1.94067e+01 | 21  0.00042 -1.56379e+01
 22  0.00192 -1.01415e+01 | 23  0.00237 -1.16675e+01 | 24  0.00167 -8.11049e+00
 25  0.00092 -8.64272e+00 | 26  0.00014 -1.26376e+01 | 27 -0.00039 -9.52462e+00
 28  0.00025  8.51101e+00 | 29  0.00064 -5.63927e+00 | 30  0.00216 -9.11791e+00
 31  0.00492 -4.89532e-02 | 32  0.00626 -4.42577e+00 | 33  0.00595 -1.13458e+01
 34  0.00508  7.69636e+00 | 35  0.00270 -6.50370e+00 | 36  0.00160 -1.74187e+01
 37  0.00156 -2.15400e+00 | 38  0.00032 -1.71068e+00 | 39  0.11819  1.39204e+02
 40  0.35630  2.46694e+02 | 41  0.46854 -4.35077e+01 | 42 -0.37018  1.78537e+00
 43 -0.30329 -1.14040e+01 | 44 -0.07426  7.57494e+01 | 45 -0.18998 -6.32613e+00
 46 -0.61421 -6.65629e+00 | 47  0.20074 -5.29230e-01 | 48 -0.14114  1.99232e+00
48 variables; iteration 60; function evaluation 97; phase 8
Function value 5.3332396e+01; maximum gradient component mag -2.3662e+03
Var    Value     Gradient |Var    Value     Gradient |Var    Value     Gradient
  1 -0.17883  7.10118e+02 |  2 -0.14199 -1.13672e+03 |  3  0.72434 -7.12508e+01
  4 -0.00019 -2.36622e+03 |  5 -0.00131 -2.09419e+02 |  6  0.00009 -2.23349e+02
  7  0.00169 -2.37699e+02 |  8  0.00344 -2.44287e+02 |  9  0.00456 -2.48540e+02
 10  0.00546 -2.90785e+02 | 11  0.00515 -2.55849e+02 | 12  0.00390 -2.35505e+02
 13  0.00218 -2.07976e+02 | 14  0.00019 -1.83348e+02 | 15 -0.00187 -1.47969e+02
 16 -0.00426 -1.26944e+02 | 17 -0.00655 -1.06896e+02 | 18 -0.00706 -8.59615e+01
 19 -0.00558 -7.59239e+01 | 20 -0.00248 -5.82596e+01 | 21  0.00008 -4.92802e+01
 22  0.00144 -4.33078e+01 | 23  0.00201 -3.99156e+01 | 24  0.00128 -3.33190e+01
 25  0.00057 -2.88075e+01 | 26  0.00016 -1.96574e+01 | 27 -0.00058 -1.92355e+01
 28 -0.00057 -1.43979e+01 | 29  0.00042 -1.16159e+01 | 30  0.00208 -1.09382e+01
 31  0.00473 -1.11873e+01 | 32  0.00528 -1.79584e+01 | 33  0.00536 -1.69395e+01
 34  0.00459 -8.68651e+00 | 35  0.00277 -3.11820e+00 | 36  0.00221 -3.52709e-01
 37  0.00151 -2.14088e+00 | 38  0.00041  8.74268e-01 | 39  0.11994  9.13017e+01
 40  0.35463  1.68408e+02 | 41  0.46901 -6.16529e+01 | 42 -0.43932  1.57131e+00
 43 -0.30425 -2.06904e+01 | 44 -0.07417  1.17466e+02 | 45 -0.18411 -1.13679e+01
 46 -0.59565 -9.69910e-01 | 47  0.16203 -1.44656e+00 | 48 -0.17756 -4.53565e-01
Maximum number of function evaluations exceeded

 - final statistics:
48 variables; iteration 64; function evaluation 100
Function value 5.3269e+01; maximum gradient component mag -1.7875e+03
Exit code = 3;  converg criter 1.0000e+00
Var    Value     Gradient |Var    Value     Gradient |Var    Value     Gradient
  1 -0.17850  5.36067e+02 |  2 -0.14202 -8.59070e+02 |  3  0.72951 -5.41772e+01
  4 -0.00018 -1.78752e+03 |  5 -0.00130 -1.59377e+02 |  6  0.00010 -1.69201e+02
  7  0.00166 -1.81098e+02 |  8  0.00326 -1.88343e+02 |  9  0.00424 -1.94247e+02
 10  0.00580 -2.13678e+02 | 11  0.00521 -1.90988e+02 | 12  0.00387 -1.77533e+02
 13  0.00211 -1.57699e+02 | 14  0.00012 -1.40654e+02 | 15 -0.00186 -1.12418e+02
 16 -0.00426 -9.65918e+01 | 17 -0.00654 -8.07595e+01 | 18 -0.00711 -6.55894e+01
 19 -0.00556 -5.69119e+01 | 20 -0.00246 -4.37062e+01 | 21 -0.00001 -3.93103e+01
 22  0.00145 -3.27122e+01 | 23  0.00208 -2.88218e+01 | 24  0.00128 -2.53429e+01
 25  0.00056 -2.23309e+01 | 26  0.00020 -1.32393e+01 | 27 -0.00065 -1.62802e+01
 28 -0.00049 -8.69941e+00 | 29  0.00038 -9.43026e+00 | 30  0.00206 -9.26060e+00
 31  0.00477 -6.90970e+00 | 32  0.00512 -1.94653e+01 | 33  0.00528 -1.33118e+01
 34  0.00471 -4.63814e+00 | 35  0.00275 -2.63817e+00 | 36  0.00217 -7.14755e-01
 37  0.00149 -2.19027e+00 | 38  0.00042  1.30205e+00 | 39  0.11996  7.55597e+01
 40  0.35499  1.41421e+02 | 41  0.46891 -4.70555e+01 | 42 -0.46868  1.09285e+00
 43 -0.30420 -1.56258e+01 | 44 -0.07437  8.64286e+01 | 45 -0.18378 -8.83102e+00
 46 -0.59437 -3.13666e-01 | 47  0.17407 -6.21876e-01 | 48 -0.16979 -3.43471e-01

Initial statistics: 49 variables; iteration 0; function evaluation 0; phase 9
Function value 5.3268808e+01; maximum gradient component mag -1.7875e+03
Var    Value     Gradient |Var    Value     Gradient |Var    Value     Gradient
  1 -0.17850  5.36067e+02 |  2 -0.14202 -8.59070e+02 |  3  0.72951 -5.41772e+01
  4 -0.00018 -1.78752e+03 |  5 -0.00130 -1.59377e+02 |  6  0.00010 -1.69201e+02
  7  0.00166 -1.81098e+02 |  8  0.00326 -1.88343e+02 |  9  0.00424 -1.94247e+02
 10  0.00580 -2.13678e+02 | 11  0.00521 -1.90988e+02 | 12  0.00387 -1.77533e+02
 13  0.00211 -1.57699e+02 | 14  0.00012 -1.40654e+02 | 15 -0.00186 -1.12418e+02
 16 -0.00426 -9.65918e+01 | 17 -0.00654 -8.07595e+01 | 18 -0.00711 -6.55894e+01
 19 -0.00556 -5.69119e+01 | 20 -0.00246 -4.37062e+01 | 21 -0.00001 -3.93103e+01
 22  0.00145 -3.27122e+01 | 23  0.00208 -2.88218e+01 | 24  0.00128 -2.53429e+01
 25  0.00056 -2.23309e+01 | 26  0.00020 -1.32393e+01 | 27 -0.00065 -1.62802e+01
 28 -0.00049 -8.69941e+00 | 29  0.00038 -9.43026e+00 | 30  0.00206 -9.26060e+00
 31  0.00477 -6.90970e+00 | 32  0.00512 -1.94653e+01 | 33  0.00528 -1.33118e+01
 34  0.00471 -4.63814e+00 | 35  0.00275 -2.63817e+00 | 36  0.00217 -7.14755e-01
 37  0.00149 -2.19027e+00 | 38  0.00042  1.30205e+00 | 39 -0.52445  1.04616e+02
 40  0.11996  7.55597e+01 | 41  0.35499  1.41421e+02 | 42  0.46891 -4.70555e+01
 43 -0.46868  1.09285e+00 | 44 -0.30420 -1.56258e+01 | 45 -0.07437  8.64286e+01
 46 -0.18378 -8.83102e+00 | 47 -0.59437 -3.13666e-01 | 48  0.17407 -6.21876e-01
 49 -0.16979 -3.43471e-01 |

Intermediate statistics: 49 variables; iteration 20; function evaluation 27; phase 9
Function value 5.1150012e+01; maximum gradient component mag -4.2903e+03
Var    Value     Gradient |Var    Value     Gradient |Var    Value     Gradient
  1 -0.16814  1.24702e+03 |  2 -0.12635 -1.95903e+03 |  3  0.73825 -1.01610e+02
  4 -0.00028 -4.29029e+03 |  5 -0.00098 -3.64944e+02 |  6  0.00030 -3.84348e+02
  7  0.00148 -4.10127e+02 |  8  0.00335 -4.23207e+02 |  9  0.00516 -4.32869e+02
 10  0.00401 -4.93630e+02 | 11  0.00497 -4.41086e+02 | 12  0.00444 -4.10083e+02
 13  0.00260 -3.70977e+02 | 14 -0.00041 -3.44235e+02 | 15 -0.00254 -2.80402e+02
 16 -0.00506 -2.43747e+02 | 17 -0.00721 -2.04625e+02 | 18 -0.00748 -1.64169e+02
 19 -0.00583 -1.41354e+02 | 20 -0.00256 -1.06296e+02 | 21 -0.00011 -9.34560e+01
 22  0.00151 -7.47563e+01 | 23  0.00224 -6.43636e+01 | 24  0.00118 -6.00010e+01
 25  0.00025 -5.76067e+01 | 26  0.00031 -3.47492e+01 | 27 -0.00122 -5.33879e+01
 28 -0.00054 -3.05672e+01 | 29  0.00014 -3.30021e+01 | 30  0.00213 -2.20761e+01
 31  0.00526  4.42897e+01 | 32  0.00629  1.55661e+02 | 33  0.00561  6.64155e+01
 34  0.00501  1.37587e+01 | 35  0.00324  1.20683e+00 | 36  0.00251  3.78013e+00
 37  0.00144 -4.94363e+00 | 38  0.00064  6.22802e+00 | 39 -0.48027  3.65691e+02
 40  0.12657  3.11986e+02 | 41  0.35155  5.64432e+02 | 42  0.47300 -1.04389e+02
 43 -0.46841  4.73400e+00 | 44 -0.30611 -3.16143e+01 | 45 -0.07292  2.12658e+02
 46 -0.18309 -1.94778e+01 | 47 -0.59356 -1.28559e+00 | 48  0.17704 -2.67568e+00
 49 -0.17125 -9.00251e-01 |
49 variables; iteration 40; function evaluation 55; phase 9
Function value 5.0559006e+01; maximum gradient component mag -3.9928e+03
Var    Value     Gradient |Var    Value     Gradient |Var    Value     Gradient
  1 -0.16729  1.17860e+03 |  2 -0.12394 -1.85086e+03 |  3  0.74374 -9.60561e+01
  4 -0.00016 -3.99282e+03 |  5  0.00015 -3.24776e+02 |  6  0.00056 -3.57246e+02
  7  0.00146 -3.85222e+02 |  8  0.00304 -4.03570e+02 |  9  0.00573 -4.03373e+02
 10  0.00307 -4.77826e+02 | 11  0.00497 -4.17381e+02 | 12  0.00539 -3.73547e+02
 13  0.00250 -3.53998e+02 | 14 -0.00038 -3.25183e+02 | 15 -0.00184 -2.47987e+02
 16 -0.00493 -2.24661e+02 | 17 -0.00702 -1.86920e+02 | 18 -0.00754 -1.56197e+02
 19 -0.00576 -1.32383e+02 | 20 -0.00241 -9.77513e+01 | 21  0.00001 -8.67485e+01
 22  0.00145 -7.34568e+01 | 23  0.00216 -6.40128e+01 | 24  0.00119 -5.71423e+01
 25  0.00044 -4.96758e+01 | 26  0.00023 -3.27563e+01 | 27 -0.00088 -4.08342e+01
 28 -0.00054 -2.73667e+01 | 29  0.00020 -3.02354e+01 | 30  0.00226 -2.05800e+01
 31  0.00487  1.60145e+01 | 32  0.00567  1.07233e+02 | 33  0.00523  3.42272e+01
 34  0.00477  3.91374e+00 | 35  0.00309 -3.76366e+00 | 36  0.00231 -1.43758e+00
 37  0.00137 -6.67472e+00 | 38  0.00045  1.71394e+00 | 39 -0.46643  3.51096e+02
 40  0.12743  2.92412e+02 | 41  0.35106  5.34192e+02 | 42  0.47340 -9.72109e+01
 43 -0.45683  4.65544e+00 | 44 -0.30643 -3.01202e+01 | 45 -0.07290  1.96163e+02
 46 -0.18371 -1.45741e+01 | 47 -0.60065 -4.82730e+00 | 48  0.23412 -1.81683e+00
 49 -0.13104  1.11306e+00 |
49 variables; iteration 60; function evaluation 87; phase 9
Function value 4.8057801e+01; maximum gradient component mag -4.8190e+03
Var    Value     Gradient |Var    Value     Gradient |Var    Value     Gradient
  1 -0.17741  1.34913e+03 |  2 -0.11298 -2.19293e+03 |  3  0.76507 -1.07603e+02
  4  0.00003 -4.81898e+03 |  5 -0.00001 -4.38746e+02 |  6 -0.00005 -4.71249e+02
  7  0.00037 -4.99948e+02 |  8  0.00181 -5.21368e+02 |  9  0.00519 -5.30247e+02
 10  0.00350 -5.01259e+02 | 11  0.00546 -4.63100e+02 | 12  0.00559 -4.41905e+02
 13  0.00370 -3.99013e+02 | 14  0.00097 -3.49697e+02 | 15 -0.00200 -2.84151e+02
 16 -0.00490 -2.45651e+02 | 17 -0.00717 -2.06215e+02 | 18 -0.00739 -1.67244e+02
 19 -0.00562 -1.45470e+02 | 20 -0.00219 -1.08078e+02 | 21  0.00034 -9.44694e+01
 22  0.00159 -8.43702e+01 | 23  0.00227 -7.48648e+01 | 24  0.00137 -6.17946e+01
 25  0.00052 -5.28771e+01 | 26  0.00002 -3.91860e+01 | 27 -0.00075 -3.68096e+01
 28 -0.00068 -2.88224e+01 | 29  0.00053 -2.19038e+01 | 30  0.00260 -2.05957e+01
 31  0.00422 -4.37683e-01 | 32  0.00435 -3.08885e+00 | 33  0.00455  1.71427e+01
 34  0.00420 -6.39922e+00 | 35  0.00303 -1.10520e+01 | 36  0.00237 -2.14429e+00
 37  0.00154 -2.52330e+00 | 38  0.00038  2.41334e-01 | 39 -0.38117  4.74354e+02
 40  0.13293  2.85600e+02 | 41  0.34817  6.61977e+02 | 42  0.47550 -5.81945e+01
 43 -0.50645  5.48219e+00 | 44 -0.30657 -3.12667e+01 | 45 -0.06945  2.24151e+02
 46 -0.18204 -2.34073e+01 | 47 -0.59135 -1.49980e+00 | 48  0.24347 -2.63590e+00
 49 -0.13667  4.40769e-02 |
49 variables; iteration 80; function evaluation 112; phase 9
Function value 4.5593477e+01; maximum gradient component mag -2.3152e+03
Var    Value     Gradient |Var    Value     Gradient |Var    Value     Gradient
  1 -0.24285  5.34553e+02 |  2 -0.13172 -9.76993e+02 |  3  0.79288 -4.57347e+01
  4 -0.00008 -2.31523e+03 |  5 -0.00168 -2.31217e+02 |  6 -0.00188 -2.46688e+02
  7 -0.00152 -2.57810e+02 |  8 -0.00013 -2.62950e+02 |  9  0.00251 -2.64677e+02
 10  0.00446 -2.14390e+02 | 11  0.00616 -1.97825e+02 | 12  0.00547 -1.87591e+02
 13  0.00319 -1.68891e+02 | 14  0.00058 -1.45265e+02 | 15 -0.00206 -1.12507e+02
 16 -0.00481 -9.42629e+01 | 17 -0.00711 -7.71551e+01 | 18 -0.00733 -6.09981e+01
 19 -0.00533 -5.12585e+01 | 20 -0.00186 -3.76943e+01 | 21  0.00077 -3.25236e+01
 22  0.00219 -2.82844e+01 | 23  0.00276 -2.56035e+01 | 24  0.00164 -1.99501e+01
 25  0.00070 -1.60431e+01 | 26 -0.00006 -1.19066e+01 | 27 -0.00090 -1.04197e+01
 28 -0.00090 -7.85608e+00 | 29  0.00020 -6.42737e+00 | 30  0.00241 -5.68185e+00
 31  0.00368 -3.38730e+00 | 32  0.00387 -6.75184e-01 | 33  0.00391 -1.57778e+00
 34  0.00367 -1.87084e+00 | 35  0.00261 -1.90605e+00 | 36  0.00189 -8.40823e-01
 37  0.00135 -6.18425e-01 | 38  0.00026 -4.83288e-02 | 39 -0.31291  2.34020e+02
 40  0.13170 -1.24668e+02 | 41  0.35267  1.45104e+01 | 42  0.47607  6.68769e+01
 43 -0.38194  6.56448e-01 | 44 -0.30294 -2.98407e-01 | 45 -0.06227  9.21202e+01
 46 -0.18056 -1.15767e+01 | 47 -0.58682 -5.06381e-01 | 48  0.31930 -5.45754e-01
 49 -0.11365 -4.24978e-01 |
49 variables; iteration 100; function evaluation 132; phase 9
Function value 4.5576981e+01; maximum gradient component mag -1.0220e+00
Var    Value     Gradient |Var    Value     Gradient |Var    Value     Gradient
  1 -0.24415  2.80788e-01 |  2 -0.13262 -4.63209e-01 |  3  0.79682 -2.19384e-02
  4 -0.00008 -1.02205e+00 |  5 -0.00170 -9.56331e-02 |  6 -0.00189 -1.02646e-01
  7 -0.00151 -1.08024e-01 |  8 -0.00012 -1.10105e-01 |  9  0.00251 -1.09510e-01
 10  0.00446 -1.13987e-01 | 11  0.00603 -9.78093e-02 | 12  0.00541 -9.31273e-02
 13  0.00316 -8.31716e-02 | 14  0.00056 -7.19102e-02 | 15 -0.00205 -5.63551e-02
 16 -0.00479 -4.77085e-02 | 17 -0.00709 -3.97588e-02 | 18 -0.00732 -3.27065e-02
 19 -0.00531 -2.75420e-02 | 20 -0.00186 -2.15703e-02 | 21  0.00077 -1.88484e-02
 22  0.00221 -1.52508e-02 | 23  0.00277 -1.42938e-02 | 24  0.00165 -1.12474e-02
 25  0.00071 -9.15012e-03 | 26 -0.00007 -7.47699e-03 | 27 -0.00090 -5.99762e-03
 28 -0.00092 -4.57134e-03 | 29  0.00018 -4.18234e-03 | 30  0.00239 -3.84887e-03
 31  0.00359 -3.42644e-03 | 32  0.00377 -3.54260e-03 | 33  0.00381 -3.91897e-03
 34  0.00358 -1.41105e-03 | 35  0.00260 -1.28874e-03 | 36  0.00187 -9.07918e-04
 37  0.00135 -2.19083e-04 | 38  0.00025 -2.47730e-04 | 39 -0.31345  1.06393e-01
 40  0.13124  1.14882e-01 | 41  0.35408  2.61029e-01 | 42  0.47566 -2.91963e-03
 43 -0.50640  2.09360e-03 | 44 -0.30264 -6.02054e-03 | 45 -0.06180  5.16520e-02
 46 -0.18049 -5.26224e-03 | 47 -0.58675 -2.25506e-04 | 48  0.31572 -6.58698e-04
 49 -0.11502  1.08007e-04 |
49 variables; iteration 120; function evaluation 170; phase 9
Function value 4.5576473e+01; maximum gradient component mag 8.9239e+01
Var    Value     Gradient |Var    Value     Gradient |Var    Value     Gradient
  1 -0.24395 -1.95149e+01 |  2 -0.13249  3.65241e+01 |  3  0.79640  1.44259e+00
  4 -0.00008  8.92389e+01 |  5 -0.00168  9.14453e+00 |  6 -0.00189  9.56516e+00
  7 -0.00149  1.05804e+01 |  8 -0.00011  1.06442e+01 |  9  0.00254  1.05814e+01
 10  0.00443  7.09109e+00 | 11  0.00603  7.05453e+00 | 12  0.00541  6.69156e+00
 13  0.00317  6.25435e+00 | 14  0.00057  5.58030e+00 | 15 -0.00205  4.31471e+00
 16 -0.00478  3.72921e+00 | 17 -0.00708  3.06587e+00 | 18 -0.00731  2.39117e+00
 19 -0.00530  2.04070e+00 | 20 -0.00185  1.42883e+00 | 21  0.00078  1.24022e+00
 22  0.00222  1.20632e+00 | 23  0.00277  1.02137e+00 | 24  0.00165  8.50752e-01
 25  0.00072  7.01125e-01 | 26 -0.00007  4.27683e-01 | 27 -0.00089  4.96033e-01
 28 -0.00091  3.84098e-01 | 29  0.00019  2.78663e-01 | 30  0.00240  2.28208e-01
 31  0.00360 -1.62285e-01 | 32  0.00377 -5.66277e-01 | 33  0.00382 -9.72352e-01
 34  0.00359 -2.71845e-02 | 35  0.00260  1.06725e-01 | 36  0.00187 -2.45633e-02
 37  0.00136  7.28939e-02 | 38  0.00025 -2.10493e-02 | 39 -0.31335 -8.55923e+00
 40  0.13113  6.14910e+00 | 41  0.35229  1.24648e+00 | 42  0.47555 -3.66623e+00
 43 -0.42853  3.45082e-02 | 44 -0.30259 -2.84449e-01 | 45 -0.06178 -3.19666e+00
 46 -0.18047  4.23261e-01 | 47 -0.58665  5.68830e-02 | 48  0.31762  9.63853e-02
 49 -0.11446 -7.18849e-02 |
49 variables; iteration 140; function evaluation 193; phase 9
Function value 4.5571798e+01; maximum gradient component mag -2.0157e-02
Var    Value     Gradient |Var    Value     Gradient |Var    Value     Gradient
  1 -0.24415  4.76793e-03 |  2 -0.13262 -8.60047e-03 |  3  0.79679 -3.74433e-04
  4 -0.00008 -2.01568e-02 |  5 -0.00170 -2.03598e-03 |  6 -0.00189 -2.13903e-03
  7 -0.00151 -2.29675e-03 |  8 -0.00012 -2.19812e-03 |  9  0.00251 -2.33831e-03
 10  0.00446 -1.89037e-03 | 11  0.00603 -1.77909e-03 | 12  0.00541 -1.71101e-03
 13  0.00316 -1.48150e-03 | 14  0.00056 -1.29421e-03 | 15 -0.00205 -9.94755e-04
 16 -0.00479 -8.34579e-04 | 17 -0.00709 -6.78379e-04 | 18 -0.00732 -5.41274e-04
 19 -0.00531 -4.55706e-04 | 20 -0.00186 -3.34671e-04 | 21  0.00077 -2.93559e-04
 22  0.00221 -2.61927e-04 | 23  0.00277 -2.36329e-04 | 24  0.00165 -1.80037e-04
 25  0.00071 -1.41425e-04 | 26 -0.00007 -1.12183e-04 | 27 -0.00090 -9.31380e-05
 28 -0.00092 -6.81381e-05 | 29  0.00018 -6.12533e-05 | 30  0.00239 -5.63398e-05
 31  0.00359 -3.80256e-05 | 32  0.00377  4.00929e-05 | 33  0.00382 -2.56349e-05
 34  0.00358 -2.05035e-05 | 35  0.00260 -2.31489e-05 | 36  0.00187 -1.23330e-05
 37  0.00135 -2.31170e-06 | 38  0.00025  1.60246e-06 | 39 -0.31341  2.05366e-03
 40  0.13126 -1.09382e-03 | 41  0.35215  9.13617e-05 | 42  0.47567  4.92999e-04
 43 -0.85838  6.12155e-07 | 44 -0.30265 -3.76072e-05 | 45 -0.06180  8.17154e-04
 46 -0.18049 -1.01444e-04 | 47 -0.58675 -6.06262e-06 | 48  0.31570 -7.63524e-06
 49 -0.11502 -1.55190e-05 |
  ic > imax  in fminim is answer attained ?
Var    Value     Gradient |Var    Value     Gradient |Var    Value     Gradient
  1 -0.24415 -3.75827e-04 |  2 -0.13262  6.89329e-04 |  3  0.79679  3.17455e-05
  4 -0.00008  1.65496e-03 |  5 -0.00170  1.62767e-04 |  6 -0.00189  1.70433e-04
  7 -0.00151  1.76613e-04 |  8 -0.00012  1.80432e-04 |  9  0.00251  1.86980e-04
 10  0.00446  1.62774e-04 | 11  0.00603  1.45597e-04 | 12  0.00541  1.34071e-04
 13  0.00316  1.18318e-04 | 14  0.00056  9.69361e-05 | 15 -0.00205  7.63008e-05
 16 -0.00479  6.25625e-05 | 17 -0.00709  5.13910e-05 | 18 -0.00732  4.03787e-05
 19 -0.00531  3.31550e-05 | 20 -0.00186  2.59599e-05 | 21  0.00077  2.21579e-05
 22  0.00221  1.75291e-05 | 23  0.00277  1.80838e-05 | 24  0.00165  1.27064e-05
 25  0.00071  9.55101e-06 | 26 -0.00007  7.78297e-06 | 27 -0.00090  4.93835e-06
 28 -0.00092  3.61014e-06 | 29  0.00018  3.71003e-06 | 30  0.00239  2.99568e-06
 31  0.00359  8.27591e-06 | 32  0.00377  1.12589e-05 | 33  0.00382  8.21249e-06
 34  0.00358  4.86398e-06 | 35  0.00260  9.86618e-07 | 36  0.00187  8.47059e-07
 37  0.00135  1.41960e-07 | 38  0.00025  4.44247e-07 | 39 -0.31341 -1.63708e-04
 40  0.13126  8.60297e-05 | 41  0.35215 -6.37189e-06 | 42  0.47567 -5.28870e-05
 43 -0.85838 -2.85529e-09 | 44 -0.30265 -4.26359e-06 | 45 -0.06180 -6.59829e-05
 46 -0.18049  8.25737e-06 | 47 -0.58675  3.24110e-07 | 48  0.31570  7.75366e-07
 49 -0.11502 -5.39618e-07 |
Function minimizer not making progress ... is minimum attained?
Minimprove criterion = 0.0000e+00

 - final statistics:
49 variables; iteration 143; function evaluation 225
Function value 4.5572e+01; maximum gradient component mag 1.6550e-03
Exit code = 1;  converg criter 1.0000e-04
Var    Value     Gradient |Var    Value     Gradient |Var    Value     Gradient
  1 -0.24415 -3.75827e-04 |  2 -0.13262  6.89329e-04 |  3  0.79679  3.17455e-05
  4 -0.00008  1.65496e-03 |  5 -0.00170  1.62767e-04 |  6 -0.00189  1.70433e-04
  7 -0.00151  1.76613e-04 |  8 -0.00012  1.80432e-04 |  9  0.00251  1.86980e-04
 10  0.00446  1.62774e-04 | 11  0.00603  1.45597e-04 | 12  0.00541  1.34071e-04
 13  0.00316  1.18318e-04 | 14  0.00056  9.69361e-05 | 15 -0.00205  7.63008e-05
 16 -0.00479  6.25625e-05 | 17 -0.00709  5.13910e-05 | 18 -0.00732  4.03787e-05
 19 -0.00531  3.31550e-05 | 20 -0.00186  2.59599e-05 | 21  0.00077  2.21579e-05
 22  0.00221  1.75291e-05 | 23  0.00277  1.80838e-05 | 24  0.00165  1.27064e-05
 25  0.00071  9.55101e-06 | 26 -0.00007  7.78297e-06 | 27 -0.00090  4.93835e-06
 28 -0.00092  3.61014e-06 | 29  0.00018  3.71003e-06 | 30  0.00239  2.99568e-06
 31  0.00359  8.27591e-06 | 32  0.00377  1.12589e-05 | 33  0.00382  8.21249e-06
 34  0.00358  4.86398e-06 | 35  0.00260  9.86618e-07 | 36  0.00187  8.47059e-07
 37  0.00135  1.41960e-07 | 38  0.00025  4.44247e-07 | 39 -0.31341 -1.63708e-04
 40  0.13126  8.60297e-05 | 41  0.35215 -6.37189e-06 | 42  0.47567 -5.28870e-05
 43 -0.85838 -2.85529e-09 | 44 -0.30265 -4.26359e-06 | 45 -0.06180 -6.59829e-05
 46 -0.18049  8.25737e-06 | 47 -0.58675  3.24110e-07 | 48  0.31570  7.75366e-07
 49 -0.11502 -5.39618e-07 |

Initial statistics: 50 variables; iteration 0; function evaluation 0; phase 10
Function value 4.5571798e+01; maximum gradient component mag 1.6549e-03
Var    Value     Gradient |Var    Value     Gradient |Var    Value     Gradient
  1 -0.24415 -3.75821e-04 |  2 -0.13262  6.89318e-04 |  3  0.79679  3.17451e-05
  4 -0.00008  1.65494e-03 |  5 -0.00170  1.62764e-04 |  6 -0.00189  1.70430e-04
  7 -0.00151  1.76610e-04 |  8 -0.00012  1.80429e-04 |  9  0.00251  1.86977e-04
 10  0.00446  1.62771e-04 | 11  0.00603  1.45595e-04 | 12  0.00541  1.34069e-04
 13  0.00316  1.18316e-04 | 14  0.00056  9.69346e-05 | 15 -0.00205  7.62996e-05
 16 -0.00479  6.25615e-05 | 17 -0.00709  5.13902e-05 | 18 -0.00732  4.03781e-05
 19 -0.00531  3.31545e-05 | 20 -0.00186  2.59595e-05 | 21  0.00077  2.21576e-05
 22  0.00221  1.75288e-05 | 23  0.00277  1.80836e-05 | 24  0.00165  1.27062e-05
 25  0.00071  9.55084e-06 | 26 -0.00007  7.78285e-06 | 27 -0.00090  4.93825e-06
 28 -0.00092  3.61006e-06 | 29  0.00018  3.70996e-06 | 30  0.00239  2.99562e-06
 31  0.00359  8.27587e-06 | 32  0.00377  1.12589e-05 | 33  0.00382  8.21247e-06
 34  0.00358  4.86396e-06 | 35  0.00260  9.86598e-07 | 36  0.00187  8.47047e-07
 37  0.00135  1.41955e-07 | 38  0.00025  4.44245e-07 | 39  0.00000  0.00000e+00
 40 -0.31341 -1.63706e-04 | 41  0.13126  8.60283e-05 | 42  0.35215 -6.37189e-06
 43  0.47567 -5.28863e-05 | 44 -0.85838 -2.85516e-09 | 45 -0.30265 -4.26360e-06
 46 -0.06180 -6.59820e-05 | 47 -0.18049  8.25724e-06 | 48 -0.58675  3.24105e-07
 49  0.31570  7.75358e-07 | 50 -0.11502 -5.39621e-07 |
  ic > imax  in fminim is answer attained ?
Var    Value     Gradient |Var    Value     Gradient |Var    Value     Gradient
  1 -0.24415 -3.75821e-04 |  2 -0.13262  6.89318e-04 |  3  0.79679  3.17451e-05
  4 -0.00008  1.65494e-03 |  5 -0.00170  1.62764e-04 |  6 -0.00189  1.70430e-04
  7 -0.00151  1.76610e-04 |  8 -0.00012  1.80429e-04 |  9  0.00251  1.86977e-04
 10  0.00446  1.62771e-04 | 11  0.00603  1.45595e-04 | 12  0.00541  1.34069e-04
 13  0.00316  1.18316e-04 | 14  0.00056  9.69346e-05 | 15 -0.00205  7.62996e-05
 16 -0.00479  6.25615e-05 | 17 -0.00709  5.13902e-05 | 18 -0.00732  4.03781e-05
 19 -0.00531  3.31545e-05 | 20 -0.00186  2.59595e-05 | 21  0.00077  2.21576e-05
 22  0.00221  1.75288e-05 | 23  0.00277  1.80836e-05 | 24  0.00165  1.27062e-05
 25  0.00071  9.55084e-06 | 26 -0.00007  7.78285e-06 | 27 -0.00090  4.93825e-06
 28 -0.00092  3.61006e-06 | 29  0.00018  3.70996e-06 | 30  0.00239  2.99562e-06
 31  0.00359  8.27587e-06 | 32  0.00377  1.12589e-05 | 33  0.00382  8.21247e-06
 34  0.00358  4.86396e-06 | 35  0.00260  9.86598e-07 | 36  0.00187  8.47047e-07
 37  0.00135  1.41955e-07 | 38  0.00025  4.44245e-07 | 39  0.00000  0.00000e+00
 40 -0.31341 -1.63706e-04 | 41  0.13126  8.60283e-05 | 42  0.35215 -6.37189e-06
 43  0.47567 -5.28863e-05 | 44 -0.85838 -2.85516e-09 | 45 -0.30265 -4.26360e-06
 46 -0.06180 -6.59820e-05 | 47 -0.18049  8.25724e-06 | 48 -0.58675  3.24105e-07
 49  0.31570  7.75358e-07 | 50 -0.11502 -5.39621e-07 |
Function minimizer not making progress ... is minimum attained?
Minimprove criterion = 0.0000e+00

 - final statistics:
50 variables; iteration 1; function evaluation 30
Function value 4.5572e+01; maximum gradient component mag 1.6549e-03
Exit code = 1;  converg criter 1.0000e-04
Var    Value     Gradient |Var    Value     Gradient |Var    Value     Gradient
  1 -0.24415 -3.75821e-04 |  2 -0.13262  6.89318e-04 |  3  0.79679  3.17451e-05
  4 -0.00008  1.65494e-03 |  5 -0.00170  1.62764e-04 |  6 -0.00189  1.70430e-04
  7 -0.00151  1.76610e-04 |  8 -0.00012  1.80429e-04 |  9  0.00251  1.86977e-04
 10  0.00446  1.62771e-04 | 11  0.00603  1.45595e-04 | 12  0.00541  1.34069e-04
 13  0.00316  1.18316e-04 | 14  0.00056  9.69346e-05 | 15 -0.00205  7.62996e-05
 16 -0.00479  6.25615e-05 | 17 -0.00709  5.13902e-05 | 18 -0.00732  4.03781e-05
 19 -0.00531  3.31545e-05 | 20 -0.00186  2.59595e-05 | 21  0.00077  2.21576e-05
 22  0.00221  1.75288e-05 | 23  0.00277  1.80836e-05 | 24  0.00165  1.27062e-05
 25  0.00071  9.55084e-06 | 26 -0.00007  7.78285e-06 | 27 -0.00090  4.93825e-06
 28 -0.00092  3.61006e-06 | 29  0.00018  3.70996e-06 | 30  0.00239  2.99562e-06
 31  0.00359  8.27587e-06 | 32  0.00377  1.12589e-05 | 33  0.00382  8.21247e-06
 34  0.00358  4.86396e-06 | 35  0.00260  9.86598e-07 | 36  0.00187  8.47047e-07
 37  0.00135  1.41955e-07 | 38  0.00025  4.44245e-07 | 39  0.00000  0.00000e+00
 40 -0.31341 -1.63706e-04 | 41  0.13126  8.60283e-05 | 42  0.35215 -6.37189e-06
 43  0.47567 -5.28863e-05 | 44 -0.85838 -2.85516e-09 | 45 -0.30265 -4.26360e-06
 46 -0.06180 -6.59820e-05 | 47 -0.18049  8.25724e-06 | 48 -0.58675  3.24105e-07
 49  0.31570  7.75358e-07 | 50 -0.11502 -5.39621e-07 |
Estimating row 1 out of 50 for hessian
Estimating row 2 out of 50 for hessian
Estimating row 3 out of 50 for hessian
Estimating row 4 out of 50 for hessian
Estimating row 5 out of 50 for hessian
Estimating row 6 out of 50 for hessian
Estimating row 7 out of 50 for hessian
Estimating row 8 out of 50 for hessian
Estimating row 9 out of 50 for hessian
Estimating row 10 out of 50 for hessian
Estimating row 11 out of 50 for hessian
Estimating row 12 out of 50 for hessian
Estimating row 13 out of 50 for hessian
Estimating row 14 out of 50 for hessian
Estimating row 15 out of 50 for hessian
Estimating row 16 out of 50 for hessian
Estimating row 17 out of 50 for hessian
Estimating row 18 out of 50 for hessian
Estimating row 19 out of 50 for hessian
Estimating row 20 out of 50 for hessian
Estimating row 21 out of 50 for hessian
Estimating row 22 out of 50 for hessian
Estimating row 23 out of 50 for hessian
Estimating row 24 out of 50 for hessian
Estimating row 25 out of 50 for hessian
Estimating row 26 out of 50 for hessian
Estimating row 27 out of 50 for hessian
Estimating row 28 out of 50 for hessian
Estimating row 29 out of 50 for hessian
Estimating row 30 out of 50 for hessian
Estimating row 31 out of 50 for hessian
Estimating row 32 out of 50 for hessian
Estimating row 33 out of 50 for hessian
Estimating row 34 out of 50 for hessian
Estimating row 35 out of 50 for hessian
Estimating row 36 out of 50 for hessian
Estimating row 37 out of 50 for hessian
Estimating row 38 out of 50 for hessian
Estimating row 39 out of 50 for hessian
Estimating row 40 out of 50 for hessian
Estimating row 41 out of 50 for hessian
Estimating row 42 out of 50 for hessian
Estimating row 43 out of 50 for hessian
Estimating row 44 out of 50 for hessian
Estimating row 45 out of 50 for hessian
Estimating row 46 out of 50 for hessian
Estimating row 47 out of 50 for hessian
Estimating row 48 out of 50 for hessian
Estimating row 49 out of 50 for hessian
Estimating row 50 out of 50 for hessian
size of file gradfil1.tmp = 0
size of file gradfil2.tmp = 0
size of file varssave.tmp = 0
size of file cmpdiff.tmp = 0
